[Licensing::Module] Trying to connect to existing licensing client channel...
Built from '6000.3/staging' branch; Version is '6000.3.23f1 (09d2ecc7fb28) revision 643820'; Using compiler version '194234433'; Build Type 'Release'
[Licensing::IpcConnector] Channel LicenseClient-lveil doesn't exist
OS: 'Windows 11  (10.0.26200) Core' Language: 'en' Physical Memory: 32189 MB
BatchMode: 1, IsHumanControllingUs: 0, StartBugReporterOnCrash: 0, Is64bit: 1
System  architecture: x64
Process architecture: x64
Date: 2026-09-08T19:26:46Z
[Licensing::Module] Successfully launched the LicensingClient (PId: 29208)

COMMAND LINE ARGUMENTS:
C:\Program Files\Unity\Hub\Editor\6000.3.23f1\Editor\Unity.exe
-batchmode
-projectPath
C:\Users\lveil\Desktop\Projects\riskai\RiskAI
-buildTarget
Win64
-logFile
C:\Users\lveil\Desktop\Projects\riskai\RiskAI\Logs\v22-tests-source-combat-play-r1.log
-runTests
-testPlatform
PlayMode
-testFilter
RiskAI.Tests.SimulationInfrastructureTests;RiskAI.Tests.TowerCombatTests;RiskAI.Tests.TowerDefenseTests;RiskAI.Tests.NavalGameplayTests;RiskAI.Tests.NavalEmbarkCaptureTests;RiskAI.Tests.HarborPresentationTests;RiskAI.Tests.ImportedPortNavalIntegrationTests
-testResults
C:\Users\lveil\Desktop\Projects\riskai\RiskAI\Logs\v22-tests-source-combat-play-r1.xml
Successfully changed project path to: C:\Users\lveil\Desktop\Projects\riskai\RiskAI
C:/Users/lveil/Desktop/Projects/riskai/RiskAI
[UnityMemory] Configuration Parameters - Can be set up in boot.config
    "memorysetup-temp-allocator-size-nav-mesh-worker=65536"
    "memorysetup-temp-allocator-size-audio-worker=65536"
    "memorysetup-temp-allocator-size-gfx=262144"
    "memorysetup-allocator-temp-initial-block-size-main=262144"
    "memorysetup-allocator-temp-initial-block-size-worker=262144"
    "memorysetup-temp-allocator-size-background-worker=32768"
    "memorysetup-temp-allocator-size-job-worker=262144"
    "memorysetup-temp-allocator-size-preload-manager=33554432"
    "memorysetup-remapper-allocator-initial-capacity=32768"
    "memorysetup-temp-allocator-size-gi-baking-worker=262144"
    "memorysetup-temp-allocator-size-gi-baking-worker=262144"
    "memorysetup-temp-allocator-size-gi-baking-worker=262144"
    "memorysetup-temp-allocator-size-gi-baking-worker=262144"
    "memorysetup-temp-allocator-size-gi-baking-worker=262144"
    "memorysetup-bucket-allocator-granularity=16"
    "memorysetup-bucket-allocator-bucket-count=8"
    "memorysetup-bucket-allocator-block-size=33554432"
    "memorysetup-bucket-allocator-block-count=8"
    "memorysetup-main-allocator-block-size=16777216"
    "memorysetup-thread-allocator-block-size=16777216"
    "memorysetup-gfx-main-allocator-block-size=16777216"
    "memorysetup-gfx-thread-allocator-block-size=16777216"
    "memorysetup-cache-allocator-block-size=4194304"
    "memorysetup-typetree-allocator-block-size=2097152"
    "memorysetup-profiler-bucket-allocator-granularity=16"
    "memorysetup-profiler-bucket-allocator-bucket-count=8"
    "memorysetup-profiler-bucket-allocator-block-size=33554432"
    "memorysetup-profiler-bucket-allocator-block-count=8"
    "memorysetup-profiler-allocator-block-size=16777216"
    "memorysetup-profiler-editor-allocator-block-size=1048576"
    "memorysetup-temp-allocator-size-main=16777216"
    "memorysetup-job-temp-allocator-block-size=2097152"
    "memorysetup-job-temp-allocator-block-size-background=1048576"
    "memorysetup-job-temp-allocator-reduction-small-platforms=262144"
    "memorysetup-temp-allocator-size-cloud-worker=32768"
Player connection [51732]  Target information:

Player connection [51732]  * "[IP] 172.31.240.1 [Port] 55504 [Flags] 2 [Guid] 4179447316 [EditorId] 4179447316 [Version] 1048832 [Id] WindowsEditor(7,WIN-KAE40QSL84O) [Debug] 1 [PackageName] WindowsEditor [ProjectName] Editor"

Player connection [51732]  * "[IP] 192.168.1.173 [Port] 55504 [Flags] 2 [Guid] 4179447316 [EditorId] 4179447316 [Version] 1048832 [Id] WindowsEditor(7,WIN-KAE40QSL84O) [Debug] 1 [PackageName] WindowsEditor [ProjectName] Editor"

Player connection [51732] Host joined multi-casting on [225.0.0.222:54997]...
Player connection [51732] Host joined alternative multi-casting on [225.0.0.222:34997]...
Input System module state changed to: Initialized.
[Physics::Module] Initialized fallback backend.
[Physics::Module] Id: 0xdecafbad
[Licensing::IpcConnector] Successfully connected to: "LicenseClient-lveil" at "2026-09-08T19:26:47.4658049Z"
[Licensing::Client] Code 10 while verifying Licensing Client signature (process Id: 29208, path: "C:/Program Files/Unity/Hub/Editor/6000.3.23f1/Editor/Data/Resources/Licensing/Client/Unity.Licensing.Client.exe")
[Licensing::Module] LicensingClient has failed validation; ignoring
[Package Manager] Connected to IPC stream "Upm-34540" after 1.2 seconds.
[Licensing::Module] Licensing is not yet initialized.
[Licensing::Client] Handshaking with LicensingClient:
  Version:                 1.18.3+d7ffd15
  Session Id:              3e3c72e7951a4a8e9e3da45f9ab4c262
  Correlation Id:          e1382f57663645b73dceaea2b5694107
  External correlation Id: 6747519801525017360
  Machine Id:              qVYyeyAbn/4IIuDd4sy8B2liZ9M=
[Licensing::Module] Successfully connected to LicensingClient on channel: "LicenseClient-lveil" (connect: 1.34s, validation: 0.41s, handshake: 0.22s)
[Licensing::IpcConnector] Successfully connected to: "LicenseClient-lveil-notifications" at "2026-09-08T19:26:48.0944229Z"
[Licensing::Module] Connected to LicensingClient (PId: 29208, launch time: 0.03, total connection time: 1.97s)
[Licensing::Module] Error: Access token is unavailable; failed to update
[Licensing::Client] Successfully resolved entitlement details
[Licensing::Module] License group:
  Id: 6872883500198-UnityPersXXXX
  Product: Unity Personal
  Type: Assigned
  Expiration: Unlimited
[Licensing::Client] Successfully updated license, isAsync: True, time: 0.14
[Licensing::Module] Licensing Background thread has ended after 2.21s
[Licensing::Module] Licensing is initialized (took 0.42s).
[Licensing::Client] Successfully resolved entitlement details
Library Redirect Path: Library/
[Physics::Module] Selected backend.
[Physics::Module] Name: PhysX
[Physics::Module] Id: 0xf2b8ea05
[Physics::Module] SDK Version: 4.1.2
[Physics::Module] Integration Version: 1.0.0
[Physics::Module] Threading Mode: Multi-Threaded
Artifact Garbage Collection - Removed 7 unused hashed content files
Targeting platform: Win64
Refreshing native plugins compatible for Editor in 0.38 ms, found 0 plugins.
Preloading 0 native plugins for Editor in 0.00 ms.
Initialize engine version: 6000.3.23f1 (09d2ecc7fb28)
[Subsystems] Discovering subsystems at path C:/Program Files/Unity/Hub/Editor/6000.3.23f1/Editor/Data/Resources/UnitySubsystems
[Subsystems] Discovering subsystems at path C:/Users/lveil/Desktop/Projects/riskai/RiskAI/Assets
GfxDevice: creating device client; kGfxThreadingModeNonThreaded
d3d12: failed to query info queue interface (0x80004002).
Direct3D:
    Version:         Direct3D 12 [level 12.2]
    Renderer:        NVIDIA GeForce RTX 5080 Laptop GPU (ID=0x2c59)
    Vendor:          NVIDIA
    VRAM:            16003 MB
    App VRAM Budget: 15235 MB
    Driver:          32.0.16.1664
Initialize mono
Mono path[0] = 'C:/Program Files/Unity/Hub/Editor/6000.3.23f1/Editor/Data/Managed'
Mono path[1] = 'C:/Program Files/Unity/Hub/Editor/6000.3.23f1/Editor/Data/MonoBleedingEdge/lib/mono/unityjit-win32'
Mono config path = 'C:/Program Files/Unity/Hub/Editor/6000.3.23f1/Editor/Data/MonoBleedingEdge/etc'
Using monoOptions --debugger-agent=transport=dt_socket,embedding=1,server=y,suspend=n,address=127.0.0.1:56540
Using cacheserver namespaces - metadata:defaultmetadata, artifacts:defaultartifacts
Using cacheserver namespaces - metadata:defaultmetadata, artifacts:defaultartifacts
ImportWorker Server TCP listen port: 0
AcceleratorClientConnectionCallback - disconnected - :0
Begin MonoManager ReloadAssembly
Registering precompiled unity dll's ...
Register platform support module: C:/Program Files/Unity/Hub/Editor/6000.3.23f1/Editor/Data/PlaybackEngines/WebGLSupport/UnityEditor.WebGL.Extensions.dll
Register platform support module: C:/Program Files/Unity/Hub/Editor/6000.3.23f1/Editor/Data/PlaybackEngines/WindowsStandaloneSupport/UnityEditor.WindowsStandalone.Extensions.dll
Registered in 0.008896 seconds.
- Loaded All Assemblies, in  0.702 seconds
Native extension for WindowsStandalone target not found
Native extension for WebGL target not found
Package Manager log level set to [2]
ScheduleIndexationOnStartup MainProcess:False IndexOnStartup:True
Mono: successfully reloaded assembly
- Finished resetting the current domain, in  0.670 seconds
Domain Reload Profiling: 1370ms
	BeginReloadAssembly (290ms)
		ExecutionOrderSort (0ms)
		DisableScriptedObjects (0ms)
		BackupInstance (0ms)
		ReleaseScriptingObjects (0ms)
		CreateAndSetChildDomain (15ms)
	RebuildCommonClasses (51ms)
	RebuildNativeTypeToScriptingClass (12ms)
	initialDomainReloadingComplete (82ms)
	LoadAllAssembliesAndSetupDomain (264ms)
		LoadAssemblies (272ms)
		RebuildTransferFunctionScriptingTraits (0ms)
		AnalyzeDomain (259ms)
			TypeCache.Refresh (255ms)
				TypeCache.ScanAssembly (238ms)
			BuildScriptInfoCaches (0ms)
			ResolveRequiredComponents (1ms)
	FinalizeReload (670ms)
		ReleaseScriptCaches (0ms)
		RebuildScriptCaches (0ms)
		SetupLoadedEditorAssemblies (618ms)
			LogAssemblyErrors (0ms)
			InitializePlatformSupportModulesInManaged (64ms)
			SetLoadedEditorAssemblies (5ms)
			BeforeProcessingInitializeOnLoad (93ms)
			ProcessInitializeOnLoadAttributes (224ms)
			ProcessInitializeOnLoadMethodAttributes (231ms)
			AfterProcessingInitializeOnLoad (0ms)
			EditorAssembliesLoaded (0ms)
		ExecutionOrderSort2 (0ms)
		AwakeInstancesAfterBackupRestoration (0ms)
[Licensing::Client] Successfully resolved entitlement details
Application.AssetDatabase Initial Refresh Start
[Package Manager] Restoring resolved packages state from cache
[Licensing::Client] Successfully resolved entitlement details
[Package Manager] Registered 32 packages:
  Packages from [https://packages.unity.com]:
    com.unity.ai.navigation@2.0.9 (location: C:\Users\lveil\Desktop\Projects\riskai\RiskAI\Library\PackageCache\com.unity.ai.navigation@5218e4bf7edc)
    com.unity.ide.rider@3.0.38 (location: C:\Users\lveil\Desktop\Projects\riskai\RiskAI\Library\PackageCache\com.unity.ide.rider@1f60b3138684)
    com.unity.ide.visualstudio@2.0.25 (location: C:\Users\lveil\Desktop\Projects\riskai\RiskAI\Library\PackageCache\com.unity.ide.visualstudio@74aa435fc4bb)
    com.unity.inputsystem@1.14.2 (location: C:\Users\lveil\Desktop\Projects\riskai\RiskAI\Library\PackageCache\com.unity.inputsystem@be6c4fd0abf5)
    com.unity.pipeline@0.6.0-exp.1 (location: C:\Users\lveil\Desktop\Projects\riskai\RiskAI\Library\PackageCache\com.unity.pipeline@9bb4172c603c)
    com.unity.nuget.mono-cecil@1.11.6 (location: C:\Users\lveil\Desktop\Projects\riskai\RiskAI\Library\PackageCache\com.unity.nuget.mono-cecil@ecb9724e46ff)
    com.unity.nuget.newtonsoft-json@3.2.2 (location: C:\Users\lveil\Desktop\Projects\riskai\RiskAI\Library\PackageCache\com.unity.nuget.newtonsoft-json@4dfd81071c64)
    com.unity.searcher@4.9.5 (location: C:\Users\lveil\Desktop\Projects\riskai\RiskAI\Library\PackageCache\com.unity.searcher@a463122f2c00)
    com.unity.burst@1.8.30 (location: C:\Users\lveil\Desktop\Projects\riskai\RiskAI\Library\PackageCache\com.unity.burst@2f3d916873ea)
    com.unity.mathematics@1.3.3 (location: C:\Users\lveil\Desktop\Projects\riskai\RiskAI\Library\PackageCache\com.unity.mathematics@19a9377c4ffa)
    com.unity.collections@2.6.8 (location: C:\Users\lveil\Desktop\Projects\riskai\RiskAI\Library\PackageCache\com.unity.collections@84e8eb3fc12e)
    com.unity.test-framework.performance@3.5.0 (location: C:\Users\lveil\Desktop\Projects\riskai\RiskAI\Library\PackageCache\com.unity.test-framework.performance@8b56083ec0f0)
  Built-in packages:
    com.unity.render-pipelines.universal@17.3.0 (location: C:\Users\lveil\Desktop\Projects\riskai\RiskAI\Library\PackageCache\com.unity.render-pipelines.universal@7865b6b91f8a)
    com.unity.test-framework@1.6.0 (location: C:\Users\lveil\Desktop\Projects\riskai\RiskAI\Library\PackageCache\com.unity.test-framework@bd7f943e9647)
    com.unity.ugui@2.0.0 (location: C:\Users\lveil\Desktop\Projects\riskai\RiskAI\Library\PackageCache\com.unity.ugui@27635d171b1a)
    com.unity.modules.animation@1.0.0 (location: C:\Users\lveil\Desktop\Projects\riskai\RiskAI\Library\PackageCache\com.unity.modules.animation)
    com.unity.modules.particlesystem@1.0.0 (location: C:\Users\lveil\Desktop\Projects\riskai\RiskAI\Library\PackageCache\com.unity.modules.particlesystem)
    com.unity.modules.audio@1.0.0 (location: C:\Users\lveil\Desktop\Projects\riskai\RiskAI\Library\PackageCache\com.unity.modules.audio)
    com.unity.modules.uielements@1.0.0 (location: C:\Users\lveil\Desktop\Projects\riskai\RiskAI\Library\PackageCache\com.unity.modules.uielements)
    com.unity.modules.jsonserialize@1.0.0 (location: C:\Users\lveil\Desktop\Projects\riskai\RiskAI\Library\PackageCache\com.unity.modules.jsonserialize)
    com.unity.modules.screencapture@1.0.0 (location: C:\Users\lveil\Desktop\Projects\riskai\RiskAI\Library\PackageCache\com.unity.modules.screencapture)
    com.unity.modules.ui@1.0.0 (location: C:\Users\lveil\Desktop\Projects\riskai\RiskAI\Library\PackageCache\com.unity.modules.ui)
    com.unity.modules.imgui@1.0.0 (location: C:\Users\lveil\Desktop\Projects\riskai\RiskAI\Library\PackageCache\com.unity.modules.imgui)
    com.unity.ext.nunit@2.0.5 (location: C:\Users\lveil\Desktop\Projects\riskai\RiskAI\Library\PackageCache\com.unity.ext.nunit@d8c07649098d)
    com.unity.render-pipelines.core@17.3.0 (location: C:\Users\lveil\Desktop\Projects\riskai\RiskAI\Library\PackageCache\com.unity.render-pipelines.core@0bb36005e9ba)
    com.unity.shadergraph@17.3.0 (location: C:\Users\lveil\Desktop\Projects\riskai\RiskAI\Library\PackageCache\com.unity.shadergraph@b4b75cc00891)
    com.unity.render-pipelines.universal-config@17.0.3 (location: C:\Users\lveil\Desktop\Projects\riskai\RiskAI\Library\PackageCache\com.unity.render-pipelines.universal-config@8dc1aab4af1d)
    com.unity.modules.ai@1.0.0 (location: C:\Users\lveil\Desktop\Projects\riskai\RiskAI\Library\PackageCache\com.unity.modules.ai)
    com.unity.modules.imageconversion@1.0.0 (location: C:\Users\lveil\Desktop\Projects\riskai\RiskAI\Library\PackageCache\com.unity.modules.imageconversion)
    com.unity.modules.hierarchycore@1.0.0 (location: C:\Users\lveil\Desktop\Projects\riskai\RiskAI\Library\PackageCache\com.unity.modules.hierarchycore)
    com.unity.modules.physics@1.0.0 (location: C:\Users\lveil\Desktop\Projects\riskai\RiskAI\Library\PackageCache\com.unity.modules.physics)
    com.unity.modules.terrain@1.0.0 (location: C:\Users\lveil\Desktop\Projects\riskai\RiskAI\Library\PackageCache\com.unity.modules.terrain)
[Subsystems] No new subsystems found in resolved package list.
[Package Manager] Done registering packages in 0.05 seconds
Warning: Disk space low. The project is on a drive with diskspace below 1.00 GB. Please free up some space for Unity to work correctly.
Starting: C:\Program Files\Unity\Hub\Editor\6000.3.23f1\Editor\Data\Tools\BuildPipeline\bee_backend.exe --ipc --defer-dag-verification --dagfile="Library/Bee/1900b0aE.dag" --continue-on-failure --profile="Library/Bee/backend1.traceevents" ScriptAssemblies
WorkingDir: C:/Users/lveil/Desktop/Projects/riskai/RiskAI
DisplayProgressbar: Compiling Scripts
ExitCode: 2 Duration: 1s297ms
STDOUT:
[586/737    0s] ILPP-Configuration Library/ilpp-configuration.nevergeneratedoutput
*** Tundra build failed due to an internal error (1.07 seconds), 1 items updated, 737 evaluated
STDERR:
[W] BinarySegmentWrite failed when writing "Library/Bee/tundra.digestcache.tmp"
[W] Couldn't save SHA1 digest cache
AssetDatabase: script compilation time: 11.472923s
Begin MonoManager ReloadAssembly
- Loaded All Assemblies, in  1.402 seconds
Assertion failed on expression: 'success && actual == size'
Failed to write file 'Library/ScriptMapper' with error 3
Assertion failed on expression: 'success && actual == size'
Failed to write file 'Library/EditorUserBuildSettings.asset' with error 3
Refreshing native plugins compatible for Editor in 1.59 ms, found 0 plugins.
Native extension for WindowsStandalone target not found
Native extension for WebGL target not found
Refreshing native plugins compatible for Editor in 1.04 ms, found 0 plugins.
Start HTTP server: port:7800
ScheduleIndexationOnStartup MainProcess:True IndexOnStartup:True
Mono: successfully reloaded assembly
- Finished resetting the current domain, in  4.641 seconds
Domain Reload Profiling: 6039ms
	BeginReloadAssembly (448ms)
		ExecutionOrderSort (0ms)
		DisableScriptedObjects (43ms)
		BackupInstance (0ms)
		ReleaseScriptingObjects (0ms)
		CreateAndSetChildDomain (198ms)
	RebuildCommonClasses (55ms)
	RebuildNativeTypeToScriptingClass (20ms)
	initialDomainReloadingComplete (96ms)
	LoadAllAssembliesAndSetupDomain (778ms)
		LoadAssemblies (616ms)
		RebuildTransferFunctionScriptingTraits (0ms)
		AnalyzeDomain (324ms)
			TypeCache.Refresh (261ms)
				TypeCache.ScanAssembly (244ms)
			BuildScriptInfoCaches (43ms)
			ResolveRequiredComponents (14ms)
	FinalizeReload (4642ms)
		ReleaseScriptCaches (0ms)
		RebuildScriptCaches (0ms)
		SetupLoadedEditorAssemblies (4111ms)
			LogAssemblyErrors (0ms)
			InitializePlatformSupportModulesInManaged (37ms)
			SetLoadedEditorAssemblies (6ms)
			BeforeProcessingInitializeOnLoad (196ms)
			ProcessInitializeOnLoadAttributes (3763ms)
			ProcessInitializeOnLoadMethodAttributes (97ms)
			AfterProcessingInitializeOnLoad (9ms)
			EditorAssembliesLoaded (1ms)
		ExecutionOrderSort2 (0ms)
		AwakeInstancesAfterBackupRestoration (26ms)
Assertion failed on expression: 'success && actual == size'
Failed to write file 'Library/EditorUserBuildSettings.asset' with error 3
Asset Pipeline Refresh (id=05e856199f3bda24da632def592a82be): Total: 18.516 seconds - Initiated by InitialRefreshV2(ForceSynchronousImport)
	Summary:
		Imports: total=0 (actual=0, local cache=0, cache server=0)
		Asset DB Process Time: managed=0 ms, native=5483 ms
		Asset DB Callback time: managed=52 ms, native=48 ms
		Scripting: domain reloads=1, domain reload time=1403 ms, compile time=11475 ms, other=52 ms
		Project Asset Count: scripts=906, non-scripts=1797
		Asset File Changes: new=0, changed=0, moved=0, deleted=0
		Scan Filter Count: 0
	InvokeCustomDependenciesCallbacks: 0.002ms
	InvokePackagesCallback: 51.442ms
	ApplyChangesToAssetFolders: 0.632ms
	Scan: 348.072ms
	OnSourceAssetsModified: 0.004ms
	CategorizeAssetsWithTransientArtifact: 64.472ms
	ProcessAssetsWithTransientArtifactChanges: 85.491ms
	CategorizeAssets: 81.188ms
	ImportOutOfDateAssets: 4664.878ms (-6813.751ms without children)
		CompileScripts: 11474.754ms
		ReloadNativeAssets: 0.051ms
		UnloadImportedAssets: 0.970ms
		EnsureUptoDateAssetsAreRegisteredWithGuidPM: 0.428ms
		InitializingProgressBar: 0.001ms
		PostProcessAllAssetNotificationsAddChangedAssets: 0.001ms
		OnDemandSchedulerStart: 2.426ms
	PostProcessAllAssets: 52.588ms
	GatherAllCurrentPrimaryArtifactRevisions: 0.003ms
	UnloadStreamsBegin: 5.159ms
	PersistCurrentRevisions: 0.090ms
	UnloadStreamsEnd: 0.005ms
	GenerateScriptTypeHashes: 3.846ms
	Untracked: 13161.717ms

Application.AssetDatabase Initial Refresh End
Launched and connected shader compiler UnityShaderCompiler.exe after 0.08 seconds
Scanning for USB devices : 2.863ms
Initializing Unity extensions:
The currently available disk space (0 MB) is lower than the suggested threshold of 256 MBs. We strongly suggest that you free up some space before resuming work in the Editor.
[MODES] ModeService[none].Initialize
[MODES] ModeService[none].LoadModes
[MODES] Loading mode Default (0) for mode-current-id-RiskAI — Dominios v0.22
Unloading 20 Unused Serialized files (Serialized files now loaded: 0)
Unloading 4252 unused Assets / (3.1 MB). Loaded Objects now: 5118.
Memory consumption went from 180.9 MB to 177.9 MB.
Total: 14.822500 ms (FindLiveObjects: 0.586000 ms CreateObjectMapping: 0.478100 ms MarkObjects: 11.543000 ms  DeleteObjects: 2.209800 ms)

[Project] Loading completed in 28.203 seconds
	Project init time: 				26.326 seconds
		Template init time: 		0.000 seconds
		Package Manager init time: 		1.618 seconds
		Asset Database init time: 		2.137 seconds
		Global illumination init time: 	0.004 seconds
		Assemblies load time: 			1.407 seconds
		Unity extensions init time: 	0.007 seconds
		Asset Database refresh time: 	18.517 seconds
	Scene opening time: 			1.157 seconds
##utp:{"type":"ProjectInfo","version":2,"phase":"Immediate","time":1788895634272,"processId":34540,"projectLoad":28.2031679,"projectInit":26.3257525,"templateInit":0.0,"packageManagerInit":1.6181319,"assetDatabaseInit":2.1369496,"globalIlluminationInit":0.0042563,"assembliesLoad":1.4067356,"unityExtensionsInit":0.0065564,"assetDatabaseRefresh":18.5171755,"sceneOpening":1.1565876}
##utp:{"type":"EditorInfo","version":2,"phase":"Immediate","time":1788895634273,"processId":34540,"editorVersion":"6000.3.23f1 (09d2ecc7fb28)","branch":"6000.3/staging","buildType":"Release","platform":"Windows"}
[Licensing::Client] Successfully resolved entitlement details
Running tests for ExecutionSettings with details:
targetPlatform =
playerHeartbeatTimeout = 600
filters[0] =
   Filter with settings:
   testMode = PlayMode
   targetPlatform =
   testNames = null
   groupNames = RiskAI.Tests.SimulationInfrastructureTests, RiskAI.Tests.TowerCombatTests, RiskAI.Tests.TowerDefenseTests, RiskAI.Tests.NavalGameplayTests, RiskAI.Tests.NavalEmbarkCaptureTests, RiskAI.Tests.HarborPresentationTests, RiskAI.Tests.ImportedPortNavalIntegrationTests
   categoryNames = null
   assemblyNames = null
ignoreTests = {}
featureFlags = null

UnityEngine.Debug:ExtractStackTraceNoAlloc (byte*,int,string)
UnityEngine.StackTraceUtility:ExtractStackTrace ()
UnityEngine.DebugLogHandler:Internal_Log (UnityEngine.LogType,UnityEngine.LogOption,string,UnityEngine.Object)
UnityEngine.DebugLogHandler:LogFormat (UnityEngine.LogType,UnityEngine.Object,string,object[])
UnityEngine.Logger:Log (UnityEngine.LogType,object)
UnityEngine.Debug:Log (object)
UnityEditor.TestTools.TestRunner.CommandLineTest.Executer:InitializeAndExecuteRun (string[]) (at ./Library/PackageCache/com.unity.test-framework@bd7f943e9647/UnityEditor.TestRunner/CommandLineTest/Executer.cs:53)
UnityEditor.TestTools.TestRunner.CommandLineTest.TestStarter:InitializeAndExecuteRun () (at ./Library/PackageCache/com.unity.test-framework@bd7f943e9647/UnityEditor.TestRunner/CommandLineTest/TestStarter.cs:64)
UnityEditor.EditorApplication:Internal_CallUpdateFunctions ()

(Filename: ./Library/PackageCache/com.unity.test-framework@bd7f943e9647/UnityEditor.TestRunner/CommandLineTest/Executer.cs Line: 53)

Start Indexing on Editor startup
[Indexing] Starting Initial Indexing for Assets
[UnityConnectServicesConfig] config is NOT valid, switching to default
Created GICache directory at C:/Users/lveil/AppData/LocalLow/Unity/Caches/GiCache. Took: 0.098s, timestamps: [28.212 - 28.310]
Unloading 2 Unused Serialized files (Serialized files now loaded: 0)
Unloading 0 unused Assets / (43.9 KB). Loaded Objects now: 5136.
Memory consumption went from 169.3 MB to 169.2 MB.
Total: 8.696400 ms (FindLiveObjects: 0.344600 ms CreateObjectMapping: 0.215600 ms MarkObjects: 8.109100 ms  DeleteObjects: 0.024300 ms)

Assertion failed on expression: 'success && actual == size'
UnityEngine.Debug:ExtractStackTraceNoAlloc (byte*,int,string)
UnityEngine.StackTraceUtility:ExtractStackTrace ()
UnityEditor.TestTools.TestRunner.TestRun.Tasks.CreateBootstrapSceneTask/<Execute>d__4:MoveNext () (at ./Library/PackageCache/com.unity.test-framework@bd7f943e9647/UnityEditor.TestRunner/TestRun/Tasks/CreateBootstrapSceneTask.cs:67)
UnityEditor.TestTools.TestRunner.TestRun.TestJobRunner:ExecuteStep () (at ./Library/PackageCache/com.unity.test-framework@bd7f943e9647/UnityEditor.TestRunner/TestRun/TestJobRunner.cs:173)
UnityEditor.TestTools.TestRunner.TestRun.TestJobRunner:ExecuteCallback () (at ./Library/PackageCache/com.unity.test-framework@bd7f943e9647/UnityEditor.TestRunner/TestRun/TestJobRunner.cs:108)
UnityEditor.EditorApplication:Internal_CallUpdateFunctions ()

[./Library/PackageCache/com.unity.test-framework@bd7f943e9647/UnityEditor.TestRunner/TestRun/Tasks/CreateBootstrapSceneTask.cs line 67]

Failed to write file 'Library/ScriptMapper' with error 3
UnityEngine.Debug:ExtractStackTraceNoAlloc (byte*,int,string)
UnityEngine.StackTraceUtility:ExtractStackTrace ()
UnityEditor.TestTools.TestRunner.TestRun.Tasks.CreateBootstrapSceneTask/<Execute>d__4:MoveNext () (at ./Library/PackageCache/com.unity.test-framework@bd7f943e9647/UnityEditor.TestRunner/TestRun/Tasks/CreateBootstrapSceneTask.cs:67)
UnityEditor.TestTools.TestRunner.TestRun.TestJobRunner:ExecuteStep () (at ./Library/PackageCache/com.unity.test-framework@bd7f943e9647/UnityEditor.TestRunner/TestRun/TestJobRunner.cs:173)
UnityEditor.TestTools.TestRunner.TestRun.TestJobRunner:ExecuteCallback () (at ./Library/PackageCache/com.unity.test-framework@bd7f943e9647/UnityEditor.TestRunner/TestRun/TestJobRunner.cs:108)
UnityEditor.EditorApplication:Internal_CallUpdateFunctions ()

[./Library/PackageCache/com.unity.test-framework@bd7f943e9647/UnityEditor.TestRunner/TestRun/Tasks/CreateBootstrapSceneTask.cs line 67]

Start importing Assets/InitTestScenebc83e72e-4778-4d74-8db7-c597c537473c.unity using Guid(b8d988cc2bc2a4c4180ee31d718b1ec5) (DefaultImporter) -> (artifact id: '4fe38ae5934463bc27dd48330a628f48') in 0.0203216 seconds
Refreshing native plugins compatible for Editor in 0.65 ms, found 0 plugins.
Preloading 0 native plugins for Editor in 0.00 ms.
Asset Pipeline Refresh (id=0c2fb867ad5baf34486145623801c8fd): Total: 0.272 seconds - Initiated by StopAssetImportingV2(NoUpdateAssetOptions)
Executing IPrebuildSetup for: Unity.PerformanceTesting.Editor.TestRunBuilder.
UnityEngine.Debug:ExtractStackTraceNoAlloc (byte*,int,string)
UnityEngine.StackTraceUtility:ExtractStackTrace ()
UnityEngine.DebugLogHandler:Internal_Log (UnityEngine.LogType,UnityEngine.LogOption,string,UnityEngine.Object)
UnityEngine.DebugLogHandler:LogFormat (UnityEngine.LogType,UnityEngine.Object,string,object[])
UnityEngine.Logger:Log (UnityEngine.LogType,object)
UnityEngine.Debug:Log (object)
UnityEditor.TestTools.TestRunner.TestRun.Tasks.BuildActionTaskBase`1/<ExecuteMethods>d__8<UnityEngine.TestTools.IPrebuildSetup>:MoveNext () (at ./Library/PackageCache/com.unity.test-framework@bd7f943e9647/UnityEditor.TestRunner/TestRun/Tasks/BuildActionTaskBase.cs:48)
UnityEditor.TestTools.TestRunner.TestRun.Tasks.BuildActionTaskBase`1/<Execute>d__7<UnityEngine.TestTools.IPrebuildSetup>:MoveNext () (at ./Library/PackageCache/com.unity.test-framework@bd7f943e9647/UnityEditor.TestRunner/TestRun/Tasks/BuildActionTaskBase.cs:34)
UnityEditor.TestTools.TestRunner.TestRun.TestJobRunner:ExecuteStep () (at ./Library/PackageCache/com.unity.test-framework@bd7f943e9647/UnityEditor.TestRunner/TestRun/TestJobRunner.cs:173)
UnityEditor.TestTools.TestRunner.TestRun.TestJobRunner:ExecuteCallback () (at ./Library/PackageCache/com.unity.test-framework@bd7f943e9647/UnityEditor.TestRunner/TestRun/TestJobRunner.cs:108)
UnityEditor.EditorApplication:Internal_CallUpdateFunctions ()

(Filename: ./Library/PackageCache/com.unity.test-framework@bd7f943e9647/UnityEditor.TestRunner/TestRun/Tasks/BuildActionTaskBase.cs Line: 48)

Assertion failed on expression: 'success && actual == size'
Failed to save scene Temp/__Backupscenes/0.backup.
Reloading assemblies for play mode.
Reloading assemblies after forced synchronous recompile.
Begin MonoManager ReloadAssembly
- Loaded All Assemblies, in  1.358 seconds
Refreshing native plugins compatible for Editor in 0.92 ms, found 0 plugins.
Native extension for WindowsStandalone target not found
Native extension for WebGL target not found
Start HTTP server: port:7800
ScheduleIndexationOnStartup MainProcess:True IndexOnStartup:True
Mono: successfully reloaded assembly
- Finished resetting the current domain, in  1.210 seconds
Domain Reload Profiling: 2568ms
	BeginReloadAssembly (981ms)
		ExecutionOrderSort (0ms)
		DisableScriptedObjects (40ms)
		BackupInstance (0ms)
		ReleaseScriptingObjects (0ms)
		CreateAndSetChildDomain (615ms)
	RebuildCommonClasses (33ms)
	RebuildNativeTypeToScriptingClass (14ms)
	initialDomainReloadingComplete (31ms)
	LoadAllAssembliesAndSetupDomain (298ms)
		LoadAssemblies (223ms)
		RebuildTransferFunctionScriptingTraits (0ms)
		AnalyzeDomain (243ms)
			TypeCache.Refresh (11ms)
				TypeCache.ScanAssembly (0ms)
			BuildScriptInfoCaches (172ms)
			ResolveRequiredComponents (55ms)
	FinalizeReload (1211ms)
		ReleaseScriptCaches (0ms)
		RebuildScriptCaches (0ms)
		SetupLoadedEditorAssemblies (891ms)
			LogAssemblyErrors (0ms)
			InitializePlatformSupportModulesInManaged (33ms)
			SetLoadedEditorAssemblies (4ms)
			BeforeProcessingInitializeOnLoad (168ms)
			ProcessInitializeOnLoadAttributes (501ms)
			ProcessInitializeOnLoadMethodAttributes (176ms)
			AfterProcessingInitializeOnLoad (8ms)
			EditorAssembliesLoaded (1ms)
		ExecutionOrderSort2 (0ms)
		AwakeInstancesAfterBackupRestoration (45ms)
Asset Pipeline Refresh (id=c68a3f692f074fb4a838a0e57936b28a): Total: 2.713 seconds - Initiated by StopAssetImportingV2(ForceSynchronousImport | ForceDomainReload)
	Summary:
		Imports: total=0 (actual=0, local cache=0, cache server=0)
		Asset DB Process Time: managed=0 ms, native=1302 ms
		Asset DB Callback time: managed=34 ms, native=1 ms
		Scripting: domain reloads=1, domain reload time=1374 ms, compile time=1 ms, other=0 ms
		Project Asset Count: scripts=906, non-scripts=1798
		Asset File Changes: new=0, changed=0, moved=0, deleted=0
		Scan Filter Count: 0
	InvokeCustomDependenciesCallbacks: 0.002ms
	InvokePackagesCallback: 2.858ms
	ApplyChangesToAssetFolders: 0.347ms
	Scan: 0.001ms
	OnSourceAssetsModified: 0.002ms
	CategorizeAssetsWithTransientArtifact: 0.004ms
	ProcessAssetsWithTransientArtifactChanges: 4.020ms
	CategorizeAssets: 48.173ms
	ImportOutOfDateAssets: 1216.481ms (1211.179ms without children)
		CompileScripts: 1.342ms
		CollectScriptTypesHashes: 1.962ms
		ReloadNativeAssets: 1.236ms
		UnloadImportedAssets: 0.101ms
		EnsureUptoDateAssetsAreRegisteredWithGuidPM: 0.369ms
		InitializingProgressBar: 0.001ms
		PostProcessAllAssetNotificationsAddChangedAssets: 0.001ms
		OnDemandSchedulerStart: 0.291ms
	PostProcessAllAssets: 34.306ms
	GatherAllCurrentPrimaryArtifactRevisions: 0.121ms
	UnloadStreamsBegin: 0.256ms
	PersistCurrentRevisions: 0.083ms
	UnloadStreamsEnd: 0.003ms
	GenerateScriptTypeHashes: 4.878ms
	Untracked: 1406.650ms

Loaded scene 'Temp/__Backupscenes/0.backup'
	Deserialize:            0.651 ms
	Integration:            259.731 ms
	Integration of assets:  0.002 ms
	Thread Wait Time:       0.014 ms
	Total Operation Time:   260.398 ms
[MODES] ModeService[none].Initialize
[MODES] ModeService[none].LoadModes
[Licensing::Client] Successfully resolved entitlement details
TrimDiskCacheJob: Current cache size 0mb
