1.478 [error] Failed to load resource: the server responded with a status of 404 (File not found)
2.495 [log] [UnityCache] 'http://127.0.0.1:8081/Build/Web-v0.22.data.unityweb' successfully downloaded and stored in the browser cache
2.711 [log] [UnityMemory] Configuration Parameters - Can be set up in boot.config

2.711 [log]     "memorysetup-allocator-temp-initial-block-size-main=262144"

2.711 [log]     "memorysetup-allocator-temp-initial-block-size-worker=262144"

2.712 [log]     "memorysetup-temp-allocator-size-nav-mesh-worker=65536"

2.712 [log]     "memorysetup-temp-allocator-size-audio-worker=65536"

2.712 [log]     "memorysetup-remapper-allocator-initial-capacity=32768"

2.712 [log]     "memorysetup-temp-allocator-size-background-worker=32768"

2.713 [log]     "memorysetup-bucket-allocator-granularity=16"

2.713 [log]     "memorysetup-bucket-allocator-bucket-count=8"

2.713 [log]     "memorysetup-bucket-allocator-block-size=4194304"

2.713 [log]     "memorysetup-bucket-allocator-block-count=1"

2.713 [log]     "memorysetup-main-allocator-block-size=16777216"

2.714 [log]     "memorysetup-thread-allocator-block-size=16777216"

2.714 [log]     "memorysetup-gfx-main-allocator-block-size=16777216"

2.714 [log]     "memorysetup-gfx-thread-allocator-block-size=16777216"

2.714 [log]     "memorysetup-cache-allocator-block-size=4194304"

2.714 [log]     "memorysetup-typetree-allocator-block-size=2097152"

2.714 [log]     "memorysetup-profiler-bucket-allocator-granularity=16"

2.714 [log]     "memorysetup-profiler-bucket-allocator-bucket-count=8"

2.714 [log]     "memorysetup-profiler-bucket-allocator-block-size=4194304"

2.715 [log]     "memorysetup-profiler-bucket-allocator-block-count=1"

2.715 [log]     "memorysetup-profiler-allocator-block-size=16777216"

2.715 [log]     "memorysetup-profiler-editor-allocator-block-size=1048576"

2.715 [log]     "memorysetup-temp-allocator-size-main=4194304"

2.715 [log]     "memorysetup-job-temp-allocator-block-size=2097152"

2.715 [log]     "memorysetup-job-temp-allocator-block-size-background=1048576"

2.716 [log]     "memorysetup-job-temp-allocator-reduction-small-platforms=262144"

2.783 [log] Input System module state changed to: Initialized.

2.787 [log] [Physics::Module] Initialized fallback backend.

2.787 [log] [Physics::Module] Id: 0xdecafbad

2.787 [log] Loading player data from data.unity3d

2.798 [log] Initialize engine version: 6000.3.23f1 (09d2ecc7fb28)

2.798 [log] Creating WebGL 2.0 context.
2.821 [log] Renderer: WebKit WebGL

2.822 [log] Vendor:   WebKit

2.823 [log] Version:  OpenGL ES 3.0 (WebGL 2.0 (OpenGL ES 3.0 Chromium))

2.823 [log] GLES:     3

2.823 [log]  EXT_clip_control EXT_color_buffer_float EXT_color_buffer_half_float EXT_conservative_depth EXT_depth_clamp EXT_disjoint_timer_query_webgl2 EXT_float_blend EXT_polygon_offset_clamp EXT_render_snorm EXT_texture_compression_bptc EXT_texture_compression_rgtc EXT_texture_filter_anisotropic EXT_texture_mirror_clamp_to_edge EXT_texture_norm16 KHR_parallel_shader_compile NV_shader_noperspective_interpolation OES_draw_buffers_indexed OES_sample_variables OES_shader_multisample_interpolation OES_texture_float_linear OVR_multiview2 WEBGL_blend_func_extended WEBGL_clip_cull_distance WEBGL_compressed_texture_s3tc WEBGL_compressed_texture_s3tc_srgb WEBGL_debug_renderer_info WEBGL_debug_shaders WEBGL_lose_context WEBGL_multi_draw WEBGL_polygon_mode WEBGL_provoking_vertex WEBGL_stencil_texturing GL_EXT_clip_control GL_EXT_color_buffer_float GL_EXT_color_buffer_half_float GL_EXT_conservative_depth GL_EXT_depth_clamp GL_EXT_disjoint_timer_query_webgl2 GL_EXT_float_blend GL_EXT_polygon_offset_clamp GL_EXT_render_snorm GL_EXT_

2.823 [log] texture_compression_bptc GL_EXT_texture_compression_rgtc GL_EXT_texture_filter_anisotropic GL_EXT_texture_mirror_clamp_to_edge GL_EXT_texture_norm16 GL_KHR_parallel_shader_compile GL_NV_shader_noperspective_interpolation GL_OES_draw_buffers_indexed GL_OES_sample_variables GL_OES_shader_multisample_interpolation GL_OES_texture_float_linear GL_OVR_multiview2 GL_WEBGL_blend_func_extended GL_WEBGL_clip_cull_distance GL_WEBGL_compressed_texture_s3tc GL_WEBGL_compressed_texture_s3tc_srgb GL_WEBGL_debug_renderer_info GL_WEBGL_debug_shaders GL_WEBGL_lose_context GL_WEBGL_multi_draw GL_WEBGL_polygon_mode GL_WEBGL_provoking_vertex GL_WEBGL_stencil_texturing

2.824 [warning] WebGL: INVALID_ENUM: getInternalformatParameter: invalid internalformat
2.824 [warning] WebGL: INVALID_ENUM: getInternalformatParameter: invalid internalformat
2.824 [warning] WebGL: INVALID_ENUM: getInternalformatParameter: invalid internalformat
2.825 [warning] WebGL: INVALID_ENUM: getInternalformatParameter: invalid internalformat
2.825 [warning] WebGL: INVALID_ENUM: getInternalformatParameter: invalid internalformat
2.826 [warning] WebGL: INVALID_ENUM: getInternalformatParameter: invalid internalformat
2.830 [log] OPENGL LOG: Creating OpenGL ES 3.0 graphics device ; Context level  <OpenGL ES 3.0> ; Context handle 1

2.934 [log] [Physics::Module] Selected backend.

2.935 [log] [Physics::Module] Name: PhysX

2.935 [log] [Physics::Module] Id: 0xf2b8ea05

2.935 [log] [Physics::Module] SDK Version: 4.1.2

2.935 [log] [Physics::Module] Integration Version: 1.0.0

2.936 [log] [Physics::Module] Threading Mode: Single-Threaded

3.012 [log] ERROR: Shader
3.012 [log] Hidden/CoreSRP/CoreCopy shader is not supported on this GPU (none of subshaders/fallbacks are suitable)

3.013 [log] ERROR: Shader
3.013 [log] Hidden/Universal Render Pipeline/StencilDitherMaskSeed shader is not supported on this GPU (none of subshaders/fallbacks are suitable)

3.021 [log] ERROR: Shader
3.021 [log] Hidden/Universal/HDRDebugView shader is not supported on this GPU (none of subshaders/fallbacks are suitable)

3.077 [log] Input System initialize...

3.129 [log] UnloadTime: 1.000000 ms

3.282 [warning] The AudioContext was not allowed to start. It must be resumed (or created) after a user gesture on the page.
3.684 [warning] The AudioContext was not allowed to start. It must be resumed (or created) after a user gesture on the page.
4.082 [warning] The AudioContext was not allowed to start. It must be resumed (or created) after a user gesture on the page.
4.482 [warning] The AudioContext was not allowed to start. It must be resumed (or created) after a user gesture on the page.
4.887 [warning] The AudioContext was not allowed to start. It must be resumed (or created) after a user gesture on the page.
5.687 [warning] The AudioContext was not allowed to start. It must be resumed (or created) after a user gesture on the page.
5.737 [log] UnloadTime: 2.700001 ms

6.823 [log] RISKAI_STARTUP phase=terrain map=Europe phaseMs=1083.00 totalMs=1083.00 unityAllocatedB=139999432 unityReservedB=160119202 managedB=42565632

7.324 [log] RISKAI_STARTUP phase=buildings map=Europe phaseMs=501.30 totalMs=1584.30 unityAllocatedB=167735476 unityReservedB=191266772 managedB=53157888

11.909 [log] RISKAI_STARTUP phase=navigation map=Europe phaseMs=4586.00 totalMs=6170.30 unityAllocatedB=169744347 unityReservedB=193298519 managedB=53284864

12.392 [log] RISKAI_STARTUP phase=roster_and_ports map=Europe phaseMs=482.90 totalMs=6653.20 unityAllocatedB=201056135 unityReservedB=228328589 managedB=57331712

12.488 [log] RISKAI_STARTUP phase=ground_cover map=Europe phaseMs=96.80 totalMs=6750.00 unityAllocatedB=202517645 unityReservedB=229869671 managedB=60710912

12.526 [log] RISKAI_STARTUP phase=canopy_index map=Europe phaseMs=37.30 totalMs=6787.30 unityAllocatedB=202517645 unityReservedB=229869671 managedB=65355776

12.647 [log] RISKAI_STARTUP phase=territory_atlas map=Europe phaseMs=121.20 totalMs=6908.50 unityAllocatedB=202910641 unityReservedB=230283358 managedB=80887808

12.669 [log] RISKAI_STARTUP phase=ready map=Europe phaseMs=21.90 totalMs=6930.40 unityAllocatedB=203089058 unityReservedB=230464967 managedB=81408000

12.735 [log] RISKAI_NAV_BUDGET applied=500 requestedRange=100..2000

13.488 [log] Unloading 5 Unused Serialized files (Serialized files now loaded: 0)

13.505 [warning] The AudioContext was not allowed to start. It must be resumed (or created) after a user gesture on the page.
13.600 [log] Unloading 170 unused Assets to reduce memory usage. Loaded Objects now: 219427.

13.601 [log] Total: 90.799999 ms (FindLiveObjects: 37.900000 ms CreateObjectMapping: 4.500000 ms MarkObjects: 47.799999 ms  DeleteObjects: 0.600000 ms)


14.588 [log] Audio context resumed after 11.487 seconds.
